[0.161s] DEBUG:colcon:Command line arguments: ['/usr/bin/colcon', 'build']
[0.161s] DEBUG:colcon:Parsed command line arguments: Namespace(log_base=None, log_level=None, verb_name='build', build_base='build', install_base='install', merge_install=False, symlink_install=False, test_result_base=None, continue_on_error=False, executor='parallel', parallel_workers=12, event_handlers=None, ignore_user_meta=False, metas=['./colcon.meta'], base_paths=['.'], packages_ignore=None, packages_ignore_regex=None, paths=None, packages_up_to=None, packages_up_to_regex=None, packages_above=None, packages_above_and_dependencies=None, packages_above_depth=None, packages_select_by_dep=None, packages_skip_by_dep=None, packages_skip_up_to=None, packages_select_build_failed=False, packages_skip_build_finished=False, packages_select_test_failures=False, packages_skip_test_passed=False, packages_select=None, packages_skip=None, packages_select_regex=None, packages_skip_regex=None, packages_start=None, packages_end=None, allow_overriding=[], cmake_args=None, cmake_target=None, cmake_target_skip_unavailable=False, cmake_clean_cache=False, cmake_clean_first=False, cmake_force_configure=False, ament_cmake_args=None, catkin_cmake_args=None, catkin_skip_building_tests=False, verb_parser=<colcon_defaults.argument_parser.defaults.DefaultArgumentsDecorator object at 0x72edf9fe75b0>, verb_extension=<colcon_core.verb.build.BuildVerb object at 0x72edf9fe6fe0>, main=<bound method BuildVerb.main of <colcon_core.verb.build.BuildVerb object at 0x72edf9fe6fe0>>)
[0.310s] Level 1:colcon.colcon_core.package_discovery:discover_packages(colcon_meta) check parameters
[0.310s] Level 1:colcon.colcon_core.package_discovery:discover_packages(recursive) check parameters
[0.310s] Level 1:colcon.colcon_core.package_discovery:discover_packages(ignore) check parameters
[0.310s] Level 1:colcon.colcon_core.package_discovery:discover_packages(path) check parameters
[0.310s] Level 1:colcon.colcon_core.package_discovery:discover_packages(colcon_meta) discover
[0.310s] Level 1:colcon.colcon_core.package_discovery:discover_packages(recursive) discover
[0.310s] INFO:colcon.colcon_core.package_discovery:Crawling recursively for packages in '/home/rushabhm/CAT/Milestone_2/US_822313_pub-sub_data_model_for_ROS2/tool_dev_cycle/reduced_scope/rsg_v1_core/output/rsg_v1_three_node_cross_pubsub_matrix'
[0.310s] Level 1:colcon.colcon_core.package_identification:_identify(.) by extensions ['ignore', 'ignore_ament_install']
[0.310s] Level 1:colcon.colcon_core.package_identification:_identify(.) by extension 'ignore'
[0.310s] Level 1:colcon.colcon_core.package_identification:_identify(.) by extension 'ignore_ament_install'
[0.310s] Level 1:colcon.colcon_core.package_identification:_identify(.) by extensions ['colcon_pkg']
[0.310s] Level 1:colcon.colcon_core.package_identification:_identify(.) by extension 'colcon_pkg'
[0.310s] Level 1:colcon.colcon_core.package_identification:_identify(.) by extensions ['colcon_meta']
[0.310s] Level 1:colcon.colcon_core.package_identification:_identify(.) by extension 'colcon_meta'
[0.310s] Level 1:colcon.colcon_core.package_identification:_identify(.) by extensions ['ros']
[0.310s] Level 1:colcon.colcon_core.package_identification:_identify(.) by extension 'ros'
[0.319s] DEBUG:colcon.colcon_core.package_identification:Package '.' with type 'ros.ament_cmake' and name 'rsg_v1_three_node_cross_pubsub_matrix'
[0.319s] Level 1:colcon.colcon_core.package_discovery:discover_packages(recursive) using defaults
[0.319s] Level 1:colcon.colcon_core.package_discovery:discover_packages(ignore) discover
[0.319s] Level 1:colcon.colcon_core.package_discovery:discover_packages(ignore) using defaults
[0.319s] Level 1:colcon.colcon_core.package_discovery:discover_packages(path) discover
[0.319s] Level 1:colcon.colcon_core.package_discovery:discover_packages(path) using defaults
[0.334s] Level 1:colcon.colcon_core.package_discovery:discover_packages(prefix_path) check parameters
[0.334s] Level 1:colcon.colcon_core.package_discovery:discover_packages(prefix_path) discover
[0.335s] DEBUG:colcon.colcon_installed_package_information.package_discovery:Found 1 installed packages in /home/rushabhm/CAT/Milestone_2/US_822313_pub-sub_data_model_for_ROS2/tool_dev_cycle/reduced_scope/rsg_v1_core/output/rsg_v1_demo_machine_monitor/install
[0.336s] DEBUG:colcon.colcon_installed_package_information.package_discovery:Found 277 installed packages in /opt/ros/humble
[0.344s] Level 1:colcon.colcon_core.package_discovery:discover_packages(prefix_path) using defaults
[0.386s] Level 5:colcon.colcon_core.verb:set package 'rsg_v1_three_node_cross_pubsub_matrix' build argument 'cmake_args' from command line to 'None'
[0.386s] Level 5:colcon.colcon_core.verb:set package 'rsg_v1_three_node_cross_pubsub_matrix' build argument 'cmake_target' from command line to 'None'
[0.386s] Level 5:colcon.colcon_core.verb:set package 'rsg_v1_three_node_cross_pubsub_matrix' build argument 'cmake_target_skip_unavailable' from command line to 'False'
[0.386s] Level 5:colcon.colcon_core.verb:set package 'rsg_v1_three_node_cross_pubsub_matrix' build argument 'cmake_clean_cache' from command line to 'False'
[0.386s] Level 5:colcon.colcon_core.verb:set package 'rsg_v1_three_node_cross_pubsub_matrix' build argument 'cmake_clean_first' from command line to 'False'
[0.386s] Level 5:colcon.colcon_core.verb:set package 'rsg_v1_three_node_cross_pubsub_matrix' build argument 'cmake_force_configure' from command line to 'False'
[0.386s] Level 5:colcon.colcon_core.verb:set package 'rsg_v1_three_node_cross_pubsub_matrix' build argument 'ament_cmake_args' from command line to 'None'
[0.386s] Level 5:colcon.colcon_core.verb:set package 'rsg_v1_three_node_cross_pubsub_matrix' build argument 'catkin_cmake_args' from command line to 'None'
[0.386s] Level 5:colcon.colcon_core.verb:set package 'rsg_v1_three_node_cross_pubsub_matrix' build argument 'catkin_skip_building_tests' from command line to 'False'
[0.386s] DEBUG:colcon.colcon_core.verb:Building package 'rsg_v1_three_node_cross_pubsub_matrix' with the following arguments: {'ament_cmake_args': None, 'build_base': '/home/rushabhm/CAT/Milestone_2/US_822313_pub-sub_data_model_for_ROS2/tool_dev_cycle/reduced_scope/rsg_v1_core/output/rsg_v1_three_node_cross_pubsub_matrix/build/rsg_v1_three_node_cross_pubsub_matrix', 'catkin_cmake_args': None, 'catkin_skip_building_tests': False, 'cmake_args': None, 'cmake_clean_cache': False, 'cmake_clean_first': False, 'cmake_force_configure': False, 'cmake_target': None, 'cmake_target_skip_unavailable': False, 'install_base': '/home/rushabhm/CAT/Milestone_2/US_822313_pub-sub_data_model_for_ROS2/tool_dev_cycle/reduced_scope/rsg_v1_core/output/rsg_v1_three_node_cross_pubsub_matrix/install/rsg_v1_three_node_cross_pubsub_matrix', 'merge_install': False, 'path': '/home/rushabhm/CAT/Milestone_2/US_822313_pub-sub_data_model_for_ROS2/tool_dev_cycle/reduced_scope/rsg_v1_core/output/rsg_v1_three_node_cross_pubsub_matrix', 'symlink_install': False, 'test_result_base': None}
[0.386s] INFO:colcon.colcon_core.executor:Executing jobs using 'parallel' executor
[0.387s] DEBUG:colcon.colcon_parallel_executor.executor.parallel:run_until_complete
[0.387s] INFO:colcon.colcon_ros.task.ament_cmake.build:Building ROS package in '/home/rushabhm/CAT/Milestone_2/US_822313_pub-sub_data_model_for_ROS2/tool_dev_cycle/reduced_scope/rsg_v1_core/output/rsg_v1_three_node_cross_pubsub_matrix' with build type 'ament_cmake'
[0.387s] INFO:colcon.colcon_cmake.task.cmake.build:Building CMake package in '/home/rushabhm/CAT/Milestone_2/US_822313_pub-sub_data_model_for_ROS2/tool_dev_cycle/reduced_scope/rsg_v1_core/output/rsg_v1_three_node_cross_pubsub_matrix'
[0.390s] INFO:colcon.colcon_core.plugin_system:Skipping extension 'colcon_core.shell.bat': Not used on non-Windows systems
[0.390s] INFO:colcon.colcon_core.shell:Skip shell extension 'powershell' for command environment: Not usable outside of PowerShell
[0.390s] DEBUG:colcon.colcon_core.shell:Skip shell extension 'dsv' for command environment
[0.396s] DEBUG:colcon.colcon_core.event_handler.log_command:Invoking command in '/home/rushabhm/CAT/Milestone_2/US_822313_pub-sub_data_model_for_ROS2/tool_dev_cycle/reduced_scope/rsg_v1_core/output/rsg_v1_three_node_cross_pubsub_matrix/build/rsg_v1_three_node_cross_pubsub_matrix': CMAKE_PREFIX_PATH=${CMAKE_PREFIX_PATH}:/opt/ros/humble /usr/bin/cmake /home/rushabhm/CAT/Milestone_2/US_822313_pub-sub_data_model_for_ROS2/tool_dev_cycle/reduced_scope/rsg_v1_core/output/rsg_v1_three_node_cross_pubsub_matrix -DCMAKE_INSTALL_PREFIX=/home/rushabhm/CAT/Milestone_2/US_822313_pub-sub_data_model_for_ROS2/tool_dev_cycle/reduced_scope/rsg_v1_core/output/rsg_v1_three_node_cross_pubsub_matrix/install/rsg_v1_three_node_cross_pubsub_matrix
[1.606s] DEBUG:colcon.colcon_core.event_handler.log_command:Invoked command in '/home/rushabhm/CAT/Milestone_2/US_822313_pub-sub_data_model_for_ROS2/tool_dev_cycle/reduced_scope/rsg_v1_core/output/rsg_v1_three_node_cross_pubsub_matrix/build/rsg_v1_three_node_cross_pubsub_matrix' returned '0': CMAKE_PREFIX_PATH=${CMAKE_PREFIX_PATH}:/opt/ros/humble /usr/bin/cmake /home/rushabhm/CAT/Milestone_2/US_822313_pub-sub_data_model_for_ROS2/tool_dev_cycle/reduced_scope/rsg_v1_core/output/rsg_v1_three_node_cross_pubsub_matrix -DCMAKE_INSTALL_PREFIX=/home/rushabhm/CAT/Milestone_2/US_822313_pub-sub_data_model_for_ROS2/tool_dev_cycle/reduced_scope/rsg_v1_core/output/rsg_v1_three_node_cross_pubsub_matrix/install/rsg_v1_three_node_cross_pubsub_matrix
[1.608s] DEBUG:colcon.colcon_core.event_handler.log_command:Invoking command in '/home/rushabhm/CAT/Milestone_2/US_822313_pub-sub_data_model_for_ROS2/tool_dev_cycle/reduced_scope/rsg_v1_core/output/rsg_v1_three_node_cross_pubsub_matrix/build/rsg_v1_three_node_cross_pubsub_matrix': CMAKE_PREFIX_PATH=${CMAKE_PREFIX_PATH}:/opt/ros/humble /usr/bin/cmake --build /home/rushabhm/CAT/Milestone_2/US_822313_pub-sub_data_model_for_ROS2/tool_dev_cycle/reduced_scope/rsg_v1_core/output/rsg_v1_three_node_cross_pubsub_matrix/build/rsg_v1_three_node_cross_pubsub_matrix -- -j12 -l12
[9.014s] DEBUG:colcon.colcon_core.event_handler.log_command:Invoked command in '/home/rushabhm/CAT/Milestone_2/US_822313_pub-sub_data_model_for_ROS2/tool_dev_cycle/reduced_scope/rsg_v1_core/output/rsg_v1_three_node_cross_pubsub_matrix/build/rsg_v1_three_node_cross_pubsub_matrix' returned '0': CMAKE_PREFIX_PATH=${CMAKE_PREFIX_PATH}:/opt/ros/humble /usr/bin/cmake --build /home/rushabhm/CAT/Milestone_2/US_822313_pub-sub_data_model_for_ROS2/tool_dev_cycle/reduced_scope/rsg_v1_core/output/rsg_v1_three_node_cross_pubsub_matrix/build/rsg_v1_three_node_cross_pubsub_matrix -- -j12 -l12
[9.026s] DEBUG:colcon.colcon_core.event_handler.log_command:Invoking command in '/home/rushabhm/CAT/Milestone_2/US_822313_pub-sub_data_model_for_ROS2/tool_dev_cycle/reduced_scope/rsg_v1_core/output/rsg_v1_three_node_cross_pubsub_matrix/build/rsg_v1_three_node_cross_pubsub_matrix': CMAKE_PREFIX_PATH=${CMAKE_PREFIX_PATH}:/opt/ros/humble /usr/bin/cmake --install /home/rushabhm/CAT/Milestone_2/US_822313_pub-sub_data_model_for_ROS2/tool_dev_cycle/reduced_scope/rsg_v1_core/output/rsg_v1_three_node_cross_pubsub_matrix/build/rsg_v1_three_node_cross_pubsub_matrix
[9.075s] Level 1:colcon.colcon_core.environment:create_environment_scripts_only(rsg_v1_three_node_cross_pubsub_matrix)
[9.076s] DEBUG:colcon.colcon_core.event_handler.log_command:Invoked command in '/home/rushabhm/CAT/Milestone_2/US_822313_pub-sub_data_model_for_ROS2/tool_dev_cycle/reduced_scope/rsg_v1_core/output/rsg_v1_three_node_cross_pubsub_matrix/build/rsg_v1_three_node_cross_pubsub_matrix' returned '0': CMAKE_PREFIX_PATH=${CMAKE_PREFIX_PATH}:/opt/ros/humble /usr/bin/cmake --install /home/rushabhm/CAT/Milestone_2/US_822313_pub-sub_data_model_for_ROS2/tool_dev_cycle/reduced_scope/rsg_v1_core/output/rsg_v1_three_node_cross_pubsub_matrix/build/rsg_v1_three_node_cross_pubsub_matrix
[9.095s] Level 1:colcon.colcon_core.environment:checking '/home/rushabhm/CAT/Milestone_2/US_822313_pub-sub_data_model_for_ROS2/tool_dev_cycle/reduced_scope/rsg_v1_core/output/rsg_v1_three_node_cross_pubsub_matrix/install/rsg_v1_three_node_cross_pubsub_matrix' for CMake module files
[9.095s] Level 1:colcon.colcon_core.environment:checking '/home/rushabhm/CAT/Milestone_2/US_822313_pub-sub_data_model_for_ROS2/tool_dev_cycle/reduced_scope/rsg_v1_core/output/rsg_v1_three_node_cross_pubsub_matrix/install/rsg_v1_three_node_cross_pubsub_matrix' for CMake config files
[9.095s] Level 1:colcon.colcon_core.shell:create_environment_hook('rsg_v1_three_node_cross_pubsub_matrix', 'cmake_prefix_path')
[9.096s] INFO:colcon.colcon_core.shell:Creating environment hook '/home/rushabhm/CAT/Milestone_2/US_822313_pub-sub_data_model_for_ROS2/tool_dev_cycle/reduced_scope/rsg_v1_core/output/rsg_v1_three_node_cross_pubsub_matrix/install/rsg_v1_three_node_cross_pubsub_matrix/share/rsg_v1_three_node_cross_pubsub_matrix/hook/cmake_prefix_path.ps1'
[9.097s] INFO:colcon.colcon_core.shell:Creating environment descriptor '/home/rushabhm/CAT/Milestone_2/US_822313_pub-sub_data_model_for_ROS2/tool_dev_cycle/reduced_scope/rsg_v1_core/output/rsg_v1_three_node_cross_pubsub_matrix/install/rsg_v1_three_node_cross_pubsub_matrix/share/rsg_v1_three_node_cross_pubsub_matrix/hook/cmake_prefix_path.dsv'
[9.098s] INFO:colcon.colcon_core.shell:Creating environment hook '/home/rushabhm/CAT/Milestone_2/US_822313_pub-sub_data_model_for_ROS2/tool_dev_cycle/reduced_scope/rsg_v1_core/output/rsg_v1_three_node_cross_pubsub_matrix/install/rsg_v1_three_node_cross_pubsub_matrix/share/rsg_v1_three_node_cross_pubsub_matrix/hook/cmake_prefix_path.sh'
[9.099s] Level 1:colcon.colcon_core.environment:checking '/home/rushabhm/CAT/Milestone_2/US_822313_pub-sub_data_model_for_ROS2/tool_dev_cycle/reduced_scope/rsg_v1_core/output/rsg_v1_three_node_cross_pubsub_matrix/install/rsg_v1_three_node_cross_pubsub_matrix/lib'
[9.099s] Level 1:colcon.colcon_core.environment:checking '/home/rushabhm/CAT/Milestone_2/US_822313_pub-sub_data_model_for_ROS2/tool_dev_cycle/reduced_scope/rsg_v1_core/output/rsg_v1_three_node_cross_pubsub_matrix/install/rsg_v1_three_node_cross_pubsub_matrix/bin'
[9.100s] Level 1:colcon.colcon_core.environment:checking '/home/rushabhm/CAT/Milestone_2/US_822313_pub-sub_data_model_for_ROS2/tool_dev_cycle/reduced_scope/rsg_v1_core/output/rsg_v1_three_node_cross_pubsub_matrix/install/rsg_v1_three_node_cross_pubsub_matrix/lib/pkgconfig/rsg_v1_three_node_cross_pubsub_matrix.pc'
[9.100s] Level 1:colcon.colcon_core.environment:checking '/home/rushabhm/CAT/Milestone_2/US_822313_pub-sub_data_model_for_ROS2/tool_dev_cycle/reduced_scope/rsg_v1_core/output/rsg_v1_three_node_cross_pubsub_matrix/install/rsg_v1_three_node_cross_pubsub_matrix/lib/python3.10/site-packages'
[9.100s] Level 1:colcon.colcon_core.environment:checking '/home/rushabhm/CAT/Milestone_2/US_822313_pub-sub_data_model_for_ROS2/tool_dev_cycle/reduced_scope/rsg_v1_core/output/rsg_v1_three_node_cross_pubsub_matrix/install/rsg_v1_three_node_cross_pubsub_matrix/bin'
[9.101s] INFO:colcon.colcon_core.shell:Creating package script '/home/rushabhm/CAT/Milestone_2/US_822313_pub-sub_data_model_for_ROS2/tool_dev_cycle/reduced_scope/rsg_v1_core/output/rsg_v1_three_node_cross_pubsub_matrix/install/rsg_v1_three_node_cross_pubsub_matrix/share/rsg_v1_three_node_cross_pubsub_matrix/package.ps1'
[9.102s] INFO:colcon.colcon_core.shell:Creating package descriptor '/home/rushabhm/CAT/Milestone_2/US_822313_pub-sub_data_model_for_ROS2/tool_dev_cycle/reduced_scope/rsg_v1_core/output/rsg_v1_three_node_cross_pubsub_matrix/install/rsg_v1_three_node_cross_pubsub_matrix/share/rsg_v1_three_node_cross_pubsub_matrix/package.dsv'
[9.103s] INFO:colcon.colcon_core.shell:Creating package script '/home/rushabhm/CAT/Milestone_2/US_822313_pub-sub_data_model_for_ROS2/tool_dev_cycle/reduced_scope/rsg_v1_core/output/rsg_v1_three_node_cross_pubsub_matrix/install/rsg_v1_three_node_cross_pubsub_matrix/share/rsg_v1_three_node_cross_pubsub_matrix/package.sh'
[9.104s] INFO:colcon.colcon_core.shell:Creating package script '/home/rushabhm/CAT/Milestone_2/US_822313_pub-sub_data_model_for_ROS2/tool_dev_cycle/reduced_scope/rsg_v1_core/output/rsg_v1_three_node_cross_pubsub_matrix/install/rsg_v1_three_node_cross_pubsub_matrix/share/rsg_v1_three_node_cross_pubsub_matrix/package.bash'
[9.105s] INFO:colcon.colcon_core.shell:Creating package script '/home/rushabhm/CAT/Milestone_2/US_822313_pub-sub_data_model_for_ROS2/tool_dev_cycle/reduced_scope/rsg_v1_core/output/rsg_v1_three_node_cross_pubsub_matrix/install/rsg_v1_three_node_cross_pubsub_matrix/share/rsg_v1_three_node_cross_pubsub_matrix/package.zsh'
[9.106s] Level 1:colcon.colcon_core.environment:create_file_with_runtime_dependencies(/home/rushabhm/CAT/Milestone_2/US_822313_pub-sub_data_model_for_ROS2/tool_dev_cycle/reduced_scope/rsg_v1_core/output/rsg_v1_three_node_cross_pubsub_matrix/install/rsg_v1_three_node_cross_pubsub_matrix/share/colcon-core/packages/rsg_v1_three_node_cross_pubsub_matrix)
[9.107s] Level 1:colcon.colcon_core.environment:create_environment_scripts_only(rsg_v1_three_node_cross_pubsub_matrix)
[9.107s] Level 1:colcon.colcon_core.environment:checking '/home/rushabhm/CAT/Milestone_2/US_822313_pub-sub_data_model_for_ROS2/tool_dev_cycle/reduced_scope/rsg_v1_core/output/rsg_v1_three_node_cross_pubsub_matrix/install/rsg_v1_three_node_cross_pubsub_matrix' for CMake module files
[9.108s] Level 1:colcon.colcon_core.environment:checking '/home/rushabhm/CAT/Milestone_2/US_822313_pub-sub_data_model_for_ROS2/tool_dev_cycle/reduced_scope/rsg_v1_core/output/rsg_v1_three_node_cross_pubsub_matrix/install/rsg_v1_three_node_cross_pubsub_matrix' for CMake config files
[9.108s] Level 1:colcon.colcon_core.shell:create_environment_hook('rsg_v1_three_node_cross_pubsub_matrix', 'cmake_prefix_path')
[9.108s] INFO:colcon.colcon_core.shell:Creating environment hook '/home/rushabhm/CAT/Milestone_2/US_822313_pub-sub_data_model_for_ROS2/tool_dev_cycle/reduced_scope/rsg_v1_core/output/rsg_v1_three_node_cross_pubsub_matrix/install/rsg_v1_three_node_cross_pubsub_matrix/share/rsg_v1_three_node_cross_pubsub_matrix/hook/cmake_prefix_path.ps1'
[9.109s] INFO:colcon.colcon_core.shell:Creating environment descriptor '/home/rushabhm/CAT/Milestone_2/US_822313_pub-sub_data_model_for_ROS2/tool_dev_cycle/reduced_scope/rsg_v1_core/output/rsg_v1_three_node_cross_pubsub_matrix/install/rsg_v1_three_node_cross_pubsub_matrix/share/rsg_v1_three_node_cross_pubsub_matrix/hook/cmake_prefix_path.dsv'
[9.110s] INFO:colcon.colcon_core.shell:Creating environment hook '/home/rushabhm/CAT/Milestone_2/US_822313_pub-sub_data_model_for_ROS2/tool_dev_cycle/reduced_scope/rsg_v1_core/output/rsg_v1_three_node_cross_pubsub_matrix/install/rsg_v1_three_node_cross_pubsub_matrix/share/rsg_v1_three_node_cross_pubsub_matrix/hook/cmake_prefix_path.sh'
[9.111s] Level 1:colcon.colcon_core.environment:checking '/home/rushabhm/CAT/Milestone_2/US_822313_pub-sub_data_model_for_ROS2/tool_dev_cycle/reduced_scope/rsg_v1_core/output/rsg_v1_three_node_cross_pubsub_matrix/install/rsg_v1_three_node_cross_pubsub_matrix/lib'
[9.111s] Level 1:colcon.colcon_core.environment:checking '/home/rushabhm/CAT/Milestone_2/US_822313_pub-sub_data_model_for_ROS2/tool_dev_cycle/reduced_scope/rsg_v1_core/output/rsg_v1_three_node_cross_pubsub_matrix/install/rsg_v1_three_node_cross_pubsub_matrix/bin'
[9.111s] Level 1:colcon.colcon_core.environment:checking '/home/rushabhm/CAT/Milestone_2/US_822313_pub-sub_data_model_for_ROS2/tool_dev_cycle/reduced_scope/rsg_v1_core/output/rsg_v1_three_node_cross_pubsub_matrix/install/rsg_v1_three_node_cross_pubsub_matrix/lib/pkgconfig/rsg_v1_three_node_cross_pubsub_matrix.pc'
[9.111s] Level 1:colcon.colcon_core.environment:checking '/home/rushabhm/CAT/Milestone_2/US_822313_pub-sub_data_model_for_ROS2/tool_dev_cycle/reduced_scope/rsg_v1_core/output/rsg_v1_three_node_cross_pubsub_matrix/install/rsg_v1_three_node_cross_pubsub_matrix/lib/python3.10/site-packages'
[9.112s] Level 1:colcon.colcon_core.environment:checking '/home/rushabhm/CAT/Milestone_2/US_822313_pub-sub_data_model_for_ROS2/tool_dev_cycle/reduced_scope/rsg_v1_core/output/rsg_v1_three_node_cross_pubsub_matrix/install/rsg_v1_three_node_cross_pubsub_matrix/bin'
[9.112s] INFO:colcon.colcon_core.shell:Creating package script '/home/rushabhm/CAT/Milestone_2/US_822313_pub-sub_data_model_for_ROS2/tool_dev_cycle/reduced_scope/rsg_v1_core/output/rsg_v1_three_node_cross_pubsub_matrix/install/rsg_v1_three_node_cross_pubsub_matrix/share/rsg_v1_three_node_cross_pubsub_matrix/package.ps1'
[9.113s] INFO:colcon.colcon_core.shell:Creating package descriptor '/home/rushabhm/CAT/Milestone_2/US_822313_pub-sub_data_model_for_ROS2/tool_dev_cycle/reduced_scope/rsg_v1_core/output/rsg_v1_three_node_cross_pubsub_matrix/install/rsg_v1_three_node_cross_pubsub_matrix/share/rsg_v1_three_node_cross_pubsub_matrix/package.dsv'
[9.114s] INFO:colcon.colcon_core.shell:Creating package script '/home/rushabhm/CAT/Milestone_2/US_822313_pub-sub_data_model_for_ROS2/tool_dev_cycle/reduced_scope/rsg_v1_core/output/rsg_v1_three_node_cross_pubsub_matrix/install/rsg_v1_three_node_cross_pubsub_matrix/share/rsg_v1_three_node_cross_pubsub_matrix/package.sh'
[9.114s] INFO:colcon.colcon_core.shell:Creating package script '/home/rushabhm/CAT/Milestone_2/US_822313_pub-sub_data_model_for_ROS2/tool_dev_cycle/reduced_scope/rsg_v1_core/output/rsg_v1_three_node_cross_pubsub_matrix/install/rsg_v1_three_node_cross_pubsub_matrix/share/rsg_v1_three_node_cross_pubsub_matrix/package.bash'
[9.115s] INFO:colcon.colcon_core.shell:Creating package script '/home/rushabhm/CAT/Milestone_2/US_822313_pub-sub_data_model_for_ROS2/tool_dev_cycle/reduced_scope/rsg_v1_core/output/rsg_v1_three_node_cross_pubsub_matrix/install/rsg_v1_three_node_cross_pubsub_matrix/share/rsg_v1_three_node_cross_pubsub_matrix/package.zsh'
[9.116s] Level 1:colcon.colcon_core.environment:create_file_with_runtime_dependencies(/home/rushabhm/CAT/Milestone_2/US_822313_pub-sub_data_model_for_ROS2/tool_dev_cycle/reduced_scope/rsg_v1_core/output/rsg_v1_three_node_cross_pubsub_matrix/install/rsg_v1_three_node_cross_pubsub_matrix/share/colcon-core/packages/rsg_v1_three_node_cross_pubsub_matrix)
[9.116s] DEBUG:colcon.colcon_parallel_executor.executor.parallel:closing loop
[9.117s] DEBUG:colcon.colcon_parallel_executor.executor.parallel:loop closed
[9.117s] DEBUG:colcon.colcon_parallel_executor.executor.parallel:run_until_complete finished with '0'
[9.117s] DEBUG:colcon.colcon_core.event_reactor:joining thread
[9.128s] INFO:colcon.colcon_core.plugin_system:Skipping extension 'colcon_notification.desktop_notification.terminal_notifier': Not used on non-Darwin systems
[9.128s] INFO:colcon.colcon_core.plugin_system:Skipping extension 'colcon_notification.desktop_notification.win32': Not used on non-Windows systems
[9.128s] INFO:colcon.colcon_notification.desktop_notification:Sending desktop notification using 'notify2'
[9.148s] DEBUG:colcon.colcon_core.event_reactor:joined thread
[9.148s] INFO:colcon.colcon_core.shell:Creating prefix script '/home/rushabhm/CAT/Milestone_2/US_822313_pub-sub_data_model_for_ROS2/tool_dev_cycle/reduced_scope/rsg_v1_core/output/rsg_v1_three_node_cross_pubsub_matrix/install/local_setup.ps1'
[9.149s] INFO:colcon.colcon_core.shell:Creating prefix util module '/home/rushabhm/CAT/Milestone_2/US_822313_pub-sub_data_model_for_ROS2/tool_dev_cycle/reduced_scope/rsg_v1_core/output/rsg_v1_three_node_cross_pubsub_matrix/install/_local_setup_util_ps1.py'
[9.151s] INFO:colcon.colcon_core.shell:Creating prefix chain script '/home/rushabhm/CAT/Milestone_2/US_822313_pub-sub_data_model_for_ROS2/tool_dev_cycle/reduced_scope/rsg_v1_core/output/rsg_v1_three_node_cross_pubsub_matrix/install/setup.ps1'
[9.153s] INFO:colcon.colcon_core.shell:Creating prefix script '/home/rushabhm/CAT/Milestone_2/US_822313_pub-sub_data_model_for_ROS2/tool_dev_cycle/reduced_scope/rsg_v1_core/output/rsg_v1_three_node_cross_pubsub_matrix/install/local_setup.sh'
[9.154s] INFO:colcon.colcon_core.shell:Creating prefix util module '/home/rushabhm/CAT/Milestone_2/US_822313_pub-sub_data_model_for_ROS2/tool_dev_cycle/reduced_scope/rsg_v1_core/output/rsg_v1_three_node_cross_pubsub_matrix/install/_local_setup_util_sh.py'
[9.154s] INFO:colcon.colcon_core.shell:Creating prefix chain script '/home/rushabhm/CAT/Milestone_2/US_822313_pub-sub_data_model_for_ROS2/tool_dev_cycle/reduced_scope/rsg_v1_core/output/rsg_v1_three_node_cross_pubsub_matrix/install/setup.sh'
[9.156s] INFO:colcon.colcon_core.shell:Creating prefix script '/home/rushabhm/CAT/Milestone_2/US_822313_pub-sub_data_model_for_ROS2/tool_dev_cycle/reduced_scope/rsg_v1_core/output/rsg_v1_three_node_cross_pubsub_matrix/install/local_setup.bash'
[9.157s] INFO:colcon.colcon_core.shell:Creating prefix chain script '/home/rushabhm/CAT/Milestone_2/US_822313_pub-sub_data_model_for_ROS2/tool_dev_cycle/reduced_scope/rsg_v1_core/output/rsg_v1_three_node_cross_pubsub_matrix/install/setup.bash'
[9.159s] INFO:colcon.colcon_core.shell:Creating prefix script '/home/rushabhm/CAT/Milestone_2/US_822313_pub-sub_data_model_for_ROS2/tool_dev_cycle/reduced_scope/rsg_v1_core/output/rsg_v1_three_node_cross_pubsub_matrix/install/local_setup.zsh'
[9.161s] INFO:colcon.colcon_core.shell:Creating prefix chain script '/home/rushabhm/CAT/Milestone_2/US_822313_pub-sub_data_model_for_ROS2/tool_dev_cycle/reduced_scope/rsg_v1_core/output/rsg_v1_three_node_cross_pubsub_matrix/install/setup.zsh'
