-- The C compiler identification is GNU 11.4.0
-- The CXX compiler identification is GNU 11.4.0
-- Detecting C compiler ABI info
-- Detecting C compiler ABI info - done
-- Check for working C compiler: /usr/bin/cc - skipped
-- Detecting C compile features
-- Detecting C compile features - done
-- Detecting CXX compiler ABI info
-- Detecting CXX compiler ABI info - done
-- Check for working CXX compiler: /usr/bin/c++ - skipped
-- Detecting CXX compile features
-- Detecting CXX compile features - done
-- Found ament_cmake: 1.3.14 (/opt/ros/humble/share/ament_cmake/cmake)
-- Found Python3: /usr/bin/python3 (found version "3.10.12") found components: Interpreter 
-- Found rclcpp: 16.0.19 (/opt/ros/humble/share/rclcpp/cmake)
-- Found rosidl_generator_c: 3.1.8 (/opt/ros/humble/share/rosidl_generator_c/cmake)
-- Found rosidl_adapter: 3.1.8 (/opt/ros/humble/share/rosidl_adapter/cmake)
-- Found rosidl_generator_cpp: 3.1.8 (/opt/ros/humble/share/rosidl_generator_cpp/cmake)
-- Using all available rosidl_typesupport_c: rosidl_typesupport_fastrtps_c;rosidl_typesupport_introspection_c
-- Using all available rosidl_typesupport_cpp: rosidl_typesupport_fastrtps_cpp;rosidl_typesupport_introspection_cpp
-- Found rmw_implementation_cmake: 6.1.2 (/opt/ros/humble/share/rmw_implementation_cmake/cmake)
-- Found rmw_fastrtps_cpp: 6.2.10 (/opt/ros/humble/share/rmw_fastrtps_cpp/cmake)
-- Found OpenSSL: /usr/lib/x86_64-linux-gnu/libcrypto.so (found version "3.0.2")  
-- Found FastRTPS: /opt/ros/humble/include  
-- Using RMW implementation 'rmw_fastrtps_cpp' as default
-- Looking for pthread.h
-- Looking for pthread.h - found
-- Performing Test CMAKE_HAVE_LIBC_PTHREAD
-- Performing Test CMAKE_HAVE_LIBC_PTHREAD - Success
-- Found Threads: TRUE  
-- Configuring done
-- Generating done
-- Build files have been written to: /home/rushabhm/CAT/Milestone_2/US_822313_pub-sub_data_model_for_ROS2/tool_dev_cycle/reduced_scope/rsg_v1_core/output/rsg_v1_three_node_cross_pubsub_matrix/build/rsg_v1_three_node_cross_pubsub_matrix
[ 16%] [32mBuilding CXX object CMakeFiles/node_a.dir/src/node_a.cpp.o[0m
[ 33%] [32mBuilding CXX object CMakeFiles/node_b.dir/src/node_b.cpp.o[0m
[ 50%] [32mBuilding CXX object CMakeFiles/node_c.dir/src/node_c.cpp.o[0m
[ 83%] [32m[1mLinking CXX executable node_a[0m
[ 83%] [32m[1mLinking CXX executable node_b[0m
[ 83%] Built target node_a
[100%] [32m[1mLinking CXX executable node_c[0m
[100%] Built target node_b
[100%] Built target node_c
-- Install configuration: ""
-- Installing: /home/rushabhm/CAT/Milestone_2/US_822313_pub-sub_data_model_for_ROS2/tool_dev_cycle/reduced_scope/rsg_v1_core/output/rsg_v1_three_node_cross_pubsub_matrix/install/rsg_v1_three_node_cross_pubsub_matrix/lib/rsg_v1_three_node_cross_pubsub_matrix/node_a
-- Set runtime path of "/home/rushabhm/CAT/Milestone_2/US_822313_pub-sub_data_model_for_ROS2/tool_dev_cycle/reduced_scope/rsg_v1_core/output/rsg_v1_three_node_cross_pubsub_matrix/install/rsg_v1_three_node_cross_pubsub_matrix/lib/rsg_v1_three_node_cross_pubsub_matrix/node_a" to ""
-- Installing: /home/rushabhm/CAT/Milestone_2/US_822313_pub-sub_data_model_for_ROS2/tool_dev_cycle/reduced_scope/rsg_v1_core/output/rsg_v1_three_node_cross_pubsub_matrix/install/rsg_v1_three_node_cross_pubsub_matrix/lib/rsg_v1_three_node_cross_pubsub_matrix/node_b
-- Set runtime path of "/home/rushabhm/CAT/Milestone_2/US_822313_pub-sub_data_model_for_ROS2/tool_dev_cycle/reduced_scope/rsg_v1_core/output/rsg_v1_three_node_cross_pubsub_matrix/install/rsg_v1_three_node_cross_pubsub_matrix/lib/rsg_v1_three_node_cross_pubsub_matrix/node_b" to ""
-- Installing: /home/rushabhm/CAT/Milestone_2/US_822313_pub-sub_data_model_for_ROS2/tool_dev_cycle/reduced_scope/rsg_v1_core/output/rsg_v1_three_node_cross_pubsub_matrix/install/rsg_v1_three_node_cross_pubsub_matrix/lib/rsg_v1_three_node_cross_pubsub_matrix/node_c
-- Set runtime path of "/home/rushabhm/CAT/Milestone_2/US_822313_pub-sub_data_model_for_ROS2/tool_dev_cycle/reduced_scope/rsg_v1_core/output/rsg_v1_three_node_cross_pubsub_matrix/install/rsg_v1_three_node_cross_pubsub_matrix/lib/rsg_v1_three_node_cross_pubsub_matrix/node_c" to ""
-- Installing: /home/rushabhm/CAT/Milestone_2/US_822313_pub-sub_data_model_for_ROS2/tool_dev_cycle/reduced_scope/rsg_v1_core/output/rsg_v1_three_node_cross_pubsub_matrix/install/rsg_v1_three_node_cross_pubsub_matrix/share/rsg_v1_three_node_cross_pubsub_matrix/config
-- Installing: /home/rushabhm/CAT/Milestone_2/US_822313_pub-sub_data_model_for_ROS2/tool_dev_cycle/reduced_scope/rsg_v1_core/output/rsg_v1_three_node_cross_pubsub_matrix/install/rsg_v1_three_node_cross_pubsub_matrix/share/rsg_v1_three_node_cross_pubsub_matrix/config/params.yaml
-- Installing: /home/rushabhm/CAT/Milestone_2/US_822313_pub-sub_data_model_for_ROS2/tool_dev_cycle/reduced_scope/rsg_v1_core/output/rsg_v1_three_node_cross_pubsub_matrix/install/rsg_v1_three_node_cross_pubsub_matrix/share/rsg_v1_three_node_cross_pubsub_matrix/launch
-- Installing: /home/rushabhm/CAT/Milestone_2/US_822313_pub-sub_data_model_for_ROS2/tool_dev_cycle/reduced_scope/rsg_v1_core/output/rsg_v1_three_node_cross_pubsub_matrix/install/rsg_v1_three_node_cross_pubsub_matrix/share/rsg_v1_three_node_cross_pubsub_matrix/launch/bringup.launch.py
-- Installing: /home/rushabhm/CAT/Milestone_2/US_822313_pub-sub_data_model_for_ROS2/tool_dev_cycle/reduced_scope/rsg_v1_core/output/rsg_v1_three_node_cross_pubsub_matrix/install/rsg_v1_three_node_cross_pubsub_matrix/share/ament_index/resource_index/package_run_dependencies/rsg_v1_three_node_cross_pubsub_matrix
-- Installing: /home/rushabhm/CAT/Milestone_2/US_822313_pub-sub_data_model_for_ROS2/tool_dev_cycle/reduced_scope/rsg_v1_core/output/rsg_v1_three_node_cross_pubsub_matrix/install/rsg_v1_three_node_cross_pubsub_matrix/share/ament_index/resource_index/parent_prefix_path/rsg_v1_three_node_cross_pubsub_matrix
-- Installing: /home/rushabhm/CAT/Milestone_2/US_822313_pub-sub_data_model_for_ROS2/tool_dev_cycle/reduced_scope/rsg_v1_core/output/rsg_v1_three_node_cross_pubsub_matrix/install/rsg_v1_three_node_cross_pubsub_matrix/share/rsg_v1_three_node_cross_pubsub_matrix/environment/ament_prefix_path.sh
-- Installing: /home/rushabhm/CAT/Milestone_2/US_822313_pub-sub_data_model_for_ROS2/tool_dev_cycle/reduced_scope/rsg_v1_core/output/rsg_v1_three_node_cross_pubsub_matrix/install/rsg_v1_three_node_cross_pubsub_matrix/share/rsg_v1_three_node_cross_pubsub_matrix/environment/ament_prefix_path.dsv
-- Installing: /home/rushabhm/CAT/Milestone_2/US_822313_pub-sub_data_model_for_ROS2/tool_dev_cycle/reduced_scope/rsg_v1_core/output/rsg_v1_three_node_cross_pubsub_matrix/install/rsg_v1_three_node_cross_pubsub_matrix/share/rsg_v1_three_node_cross_pubsub_matrix/environment/path.sh
-- Installing: /home/rushabhm/CAT/Milestone_2/US_822313_pub-sub_data_model_for_ROS2/tool_dev_cycle/reduced_scope/rsg_v1_core/output/rsg_v1_three_node_cross_pubsub_matrix/install/rsg_v1_three_node_cross_pubsub_matrix/share/rsg_v1_three_node_cross_pubsub_matrix/environment/path.dsv
-- Installing: /home/rushabhm/CAT/Milestone_2/US_822313_pub-sub_data_model_for_ROS2/tool_dev_cycle/reduced_scope/rsg_v1_core/output/rsg_v1_three_node_cross_pubsub_matrix/install/rsg_v1_three_node_cross_pubsub_matrix/share/rsg_v1_three_node_cross_pubsub_matrix/local_setup.bash
-- Installing: /home/rushabhm/CAT/Milestone_2/US_822313_pub-sub_data_model_for_ROS2/tool_dev_cycle/reduced_scope/rsg_v1_core/output/rsg_v1_three_node_cross_pubsub_matrix/install/rsg_v1_three_node_cross_pubsub_matrix/share/rsg_v1_three_node_cross_pubsub_matrix/local_setup.sh
-- Installing: /home/rushabhm/CAT/Milestone_2/US_822313_pub-sub_data_model_for_ROS2/tool_dev_cycle/reduced_scope/rsg_v1_core/output/rsg_v1_three_node_cross_pubsub_matrix/install/rsg_v1_three_node_cross_pubsub_matrix/share/rsg_v1_three_node_cross_pubsub_matrix/local_setup.zsh
-- Installing: /home/rushabhm/CAT/Milestone_2/US_822313_pub-sub_data_model_for_ROS2/tool_dev_cycle/reduced_scope/rsg_v1_core/output/rsg_v1_three_node_cross_pubsub_matrix/install/rsg_v1_three_node_cross_pubsub_matrix/share/rsg_v1_three_node_cross_pubsub_matrix/local_setup.dsv
-- Installing: /home/rushabhm/CAT/Milestone_2/US_822313_pub-sub_data_model_for_ROS2/tool_dev_cycle/reduced_scope/rsg_v1_core/output/rsg_v1_three_node_cross_pubsub_matrix/install/rsg_v1_three_node_cross_pubsub_matrix/share/rsg_v1_three_node_cross_pubsub_matrix/package.dsv
-- Installing: /home/rushabhm/CAT/Milestone_2/US_822313_pub-sub_data_model_for_ROS2/tool_dev_cycle/reduced_scope/rsg_v1_core/output/rsg_v1_three_node_cross_pubsub_matrix/install/rsg_v1_three_node_cross_pubsub_matrix/share/ament_index/resource_index/packages/rsg_v1_three_node_cross_pubsub_matrix
-- Installing: /home/rushabhm/CAT/Milestone_2/US_822313_pub-sub_data_model_for_ROS2/tool_dev_cycle/reduced_scope/rsg_v1_core/output/rsg_v1_three_node_cross_pubsub_matrix/install/rsg_v1_three_node_cross_pubsub_matrix/share/rsg_v1_three_node_cross_pubsub_matrix/cmake/rsg_v1_three_node_cross_pubsub_matrixConfig.cmake
-- Installing: /home/rushabhm/CAT/Milestone_2/US_822313_pub-sub_data_model_for_ROS2/tool_dev_cycle/reduced_scope/rsg_v1_core/output/rsg_v1_three_node_cross_pubsub_matrix/install/rsg_v1_three_node_cross_pubsub_matrix/share/rsg_v1_three_node_cross_pubsub_matrix/cmake/rsg_v1_three_node_cross_pubsub_matrixConfig-version.cmake
-- Installing: /home/rushabhm/CAT/Milestone_2/US_822313_pub-sub_data_model_for_ROS2/tool_dev_cycle/reduced_scope/rsg_v1_core/output/rsg_v1_three_node_cross_pubsub_matrix/install/rsg_v1_three_node_cross_pubsub_matrix/share/rsg_v1_three_node_cross_pubsub_matrix/package.xml
