[0.008s] Invoking command in '/home/rushabhm/CAT/Milestone_2/US_822313_pub-sub_data_model_for_ROS2/tool_dev_cycle/reduced_scope/rsg_v1_core/output/rsg_v1_three_node_cross_pubsub_matrix/build/rsg_v1_three_node_cross_pubsub_matrix': CMAKE_PREFIX_PATH=${CMAKE_PREFIX_PATH}:/opt/ros/humble /usr/bin/cmake /home/rushabhm/CAT/Milestone_2/US_822313_pub-sub_data_model_for_ROS2/tool_dev_cycle/reduced_scope/rsg_v1_core/output/rsg_v1_three_node_cross_pubsub_matrix -DCMAKE_INSTALL_PREFIX=/home/rushabhm/CAT/Milestone_2/US_822313_pub-sub_data_model_for_ROS2/tool_dev_cycle/reduced_scope/rsg_v1_core/output/rsg_v1_three_node_cross_pubsub_matrix/install/rsg_v1_three_node_cross_pubsub_matrix
[0.174s] -- The C compiler identification is GNU 11.4.0
[0.317s] -- The CXX compiler identification is GNU 11.4.0
[0.327s] -- Detecting C compiler ABI info
[0.400s] -- Detecting C compiler ABI info - done
[0.407s] -- Check for working C compiler: /usr/bin/cc - skipped
[0.408s] -- Detecting C compile features
[0.409s] -- Detecting C compile features - done
[0.412s] -- Detecting CXX compiler ABI info
[0.479s] -- Detecting CXX compiler ABI info - done
[0.484s] -- Check for working CXX compiler: /usr/bin/c++ - skipped
[0.484s] -- Detecting CXX compile features
[0.484s] -- Detecting CXX compile features - done
[0.494s] -- Found ament_cmake: 1.3.14 (/opt/ros/humble/share/ament_cmake/cmake)
[0.614s] -- Found Python3: /usr/bin/python3 (found version "3.10.12") found components: Interpreter 
[0.695s] -- Found rclcpp: 16.0.19 (/opt/ros/humble/share/rclcpp/cmake)
[0.737s] -- Found rosidl_generator_c: 3.1.8 (/opt/ros/humble/share/rosidl_generator_c/cmake)
[0.743s] -- Found rosidl_adapter: 3.1.8 (/opt/ros/humble/share/rosidl_adapter/cmake)
[0.751s] -- Found rosidl_generator_cpp: 3.1.8 (/opt/ros/humble/share/rosidl_generator_cpp/cmake)
[0.760s] -- Using all available rosidl_typesupport_c: rosidl_typesupport_fastrtps_c;rosidl_typesupport_introspection_c
[0.776s] -- Using all available rosidl_typesupport_cpp: rosidl_typesupport_fastrtps_cpp;rosidl_typesupport_introspection_cpp
[0.820s] -- Found rmw_implementation_cmake: 6.1.2 (/opt/ros/humble/share/rmw_implementation_cmake/cmake)
[0.823s] -- Found rmw_fastrtps_cpp: 6.2.10 (/opt/ros/humble/share/rmw_fastrtps_cpp/cmake)
[0.904s] -- Found OpenSSL: /usr/lib/x86_64-linux-gnu/libcrypto.so (found version "3.0.2")  
[0.932s] -- Found FastRTPS: /opt/ros/humble/include  
[0.967s] -- Using RMW implementation 'rmw_fastrtps_cpp' as default
[0.974s] -- Looking for pthread.h
[1.043s] -- Looking for pthread.h - found
[1.043s] -- Performing Test CMAKE_HAVE_LIBC_PTHREAD
[1.111s] -- Performing Test CMAKE_HAVE_LIBC_PTHREAD - Success
[1.112s] -- Found Threads: TRUE  
[1.196s] -- Configuring done
[1.206s] -- Generating done
[1.210s] -- Build files have been written to: /home/rushabhm/CAT/Milestone_2/US_822313_pub-sub_data_model_for_ROS2/tool_dev_cycle/reduced_scope/rsg_v1_core/output/rsg_v1_three_node_cross_pubsub_matrix/build/rsg_v1_three_node_cross_pubsub_matrix
[1.218s] Invoked command in '/home/rushabhm/CAT/Milestone_2/US_822313_pub-sub_data_model_for_ROS2/tool_dev_cycle/reduced_scope/rsg_v1_core/output/rsg_v1_three_node_cross_pubsub_matrix/build/rsg_v1_three_node_cross_pubsub_matrix' returned '0': CMAKE_PREFIX_PATH=${CMAKE_PREFIX_PATH}:/opt/ros/humble /usr/bin/cmake /home/rushabhm/CAT/Milestone_2/US_822313_pub-sub_data_model_for_ROS2/tool_dev_cycle/reduced_scope/rsg_v1_core/output/rsg_v1_three_node_cross_pubsub_matrix -DCMAKE_INSTALL_PREFIX=/home/rushabhm/CAT/Milestone_2/US_822313_pub-sub_data_model_for_ROS2/tool_dev_cycle/reduced_scope/rsg_v1_core/output/rsg_v1_three_node_cross_pubsub_matrix/install/rsg_v1_three_node_cross_pubsub_matrix
[1.220s] Invoking command in '/home/rushabhm/CAT/Milestone_2/US_822313_pub-sub_data_model_for_ROS2/tool_dev_cycle/reduced_scope/rsg_v1_core/output/rsg_v1_three_node_cross_pubsub_matrix/build/rsg_v1_three_node_cross_pubsub_matrix': CMAKE_PREFIX_PATH=${CMAKE_PREFIX_PATH}:/opt/ros/humble /usr/bin/cmake --build /home/rushabhm/CAT/Milestone_2/US_822313_pub-sub_data_model_for_ROS2/tool_dev_cycle/reduced_scope/rsg_v1_core/output/rsg_v1_three_node_cross_pubsub_matrix/build/rsg_v1_three_node_cross_pubsub_matrix -- -j12 -l12
[1.276s] [ 16%] [32mBuilding CXX object CMakeFiles/node_a.dir/src/node_a.cpp.o[0m
[1.281s] [ 33%] [32mBuilding CXX object CMakeFiles/node_b.dir/src/node_b.cpp.o[0m
[1.281s] [ 50%] [32mBuilding CXX object CMakeFiles/node_c.dir/src/node_c.cpp.o[0m
[7.852s] [ 83%] [32m[1mLinking CXX executable node_a[0m
[7.853s] [ 83%] [32m[1mLinking CXX executable node_b[0m
[8.225s] [ 83%] Built target node_a
[8.269s] [100%] [32m[1mLinking CXX executable node_c[0m
[8.274s] [100%] Built target node_b
[8.603s] [100%] Built target node_c
[8.627s] Invoked command in '/home/rushabhm/CAT/Milestone_2/US_822313_pub-sub_data_model_for_ROS2/tool_dev_cycle/reduced_scope/rsg_v1_core/output/rsg_v1_three_node_cross_pubsub_matrix/build/rsg_v1_three_node_cross_pubsub_matrix' returned '0': CMAKE_PREFIX_PATH=${CMAKE_PREFIX_PATH}:/opt/ros/humble /usr/bin/cmake --build /home/rushabhm/CAT/Milestone_2/US_822313_pub-sub_data_model_for_ROS2/tool_dev_cycle/reduced_scope/rsg_v1_core/output/rsg_v1_three_node_cross_pubsub_matrix/build/rsg_v1_three_node_cross_pubsub_matrix -- -j12 -l12
[8.639s] Invoking command in '/home/rushabhm/CAT/Milestone_2/US_822313_pub-sub_data_model_for_ROS2/tool_dev_cycle/reduced_scope/rsg_v1_core/output/rsg_v1_three_node_cross_pubsub_matrix/build/rsg_v1_three_node_cross_pubsub_matrix': CMAKE_PREFIX_PATH=${CMAKE_PREFIX_PATH}:/opt/ros/humble /usr/bin/cmake --install /home/rushabhm/CAT/Milestone_2/US_822313_pub-sub_data_model_for_ROS2/tool_dev_cycle/reduced_scope/rsg_v1_core/output/rsg_v1_three_node_cross_pubsub_matrix/build/rsg_v1_three_node_cross_pubsub_matrix
[8.659s] -- Install configuration: ""
[8.659s] -- Installing: /home/rushabhm/CAT/Milestone_2/US_822313_pub-sub_data_model_for_ROS2/tool_dev_cycle/reduced_scope/rsg_v1_core/output/rsg_v1_three_node_cross_pubsub_matrix/install/rsg_v1_three_node_cross_pubsub_matrix/lib/rsg_v1_three_node_cross_pubsub_matrix/node_a
[8.671s] -- Set runtime path of "/home/rushabhm/CAT/Milestone_2/US_822313_pub-sub_data_model_for_ROS2/tool_dev_cycle/reduced_scope/rsg_v1_core/output/rsg_v1_three_node_cross_pubsub_matrix/install/rsg_v1_three_node_cross_pubsub_matrix/lib/rsg_v1_three_node_cross_pubsub_matrix/node_a" to ""
[8.671s] -- Installing: /home/rushabhm/CAT/Milestone_2/US_822313_pub-sub_data_model_for_ROS2/tool_dev_cycle/reduced_scope/rsg_v1_core/output/rsg_v1_three_node_cross_pubsub_matrix/install/rsg_v1_three_node_cross_pubsub_matrix/lib/rsg_v1_three_node_cross_pubsub_matrix/node_b
[8.672s] -- Set runtime path of "/home/rushabhm/CAT/Milestone_2/US_822313_pub-sub_data_model_for_ROS2/tool_dev_cycle/reduced_scope/rsg_v1_core/output/rsg_v1_three_node_cross_pubsub_matrix/install/rsg_v1_three_node_cross_pubsub_matrix/lib/rsg_v1_three_node_cross_pubsub_matrix/node_b" to ""
[8.673s] -- Installing: /home/rushabhm/CAT/Milestone_2/US_822313_pub-sub_data_model_for_ROS2/tool_dev_cycle/reduced_scope/rsg_v1_core/output/rsg_v1_three_node_cross_pubsub_matrix/install/rsg_v1_three_node_cross_pubsub_matrix/lib/rsg_v1_three_node_cross_pubsub_matrix/node_c
[8.674s] -- Set runtime path of "/home/rushabhm/CAT/Milestone_2/US_822313_pub-sub_data_model_for_ROS2/tool_dev_cycle/reduced_scope/rsg_v1_core/output/rsg_v1_three_node_cross_pubsub_matrix/install/rsg_v1_three_node_cross_pubsub_matrix/lib/rsg_v1_three_node_cross_pubsub_matrix/node_c" to ""
[8.674s] -- Installing: /home/rushabhm/CAT/Milestone_2/US_822313_pub-sub_data_model_for_ROS2/tool_dev_cycle/reduced_scope/rsg_v1_core/output/rsg_v1_three_node_cross_pubsub_matrix/install/rsg_v1_three_node_cross_pubsub_matrix/share/rsg_v1_three_node_cross_pubsub_matrix/config
[8.675s] -- Installing: /home/rushabhm/CAT/Milestone_2/US_822313_pub-sub_data_model_for_ROS2/tool_dev_cycle/reduced_scope/rsg_v1_core/output/rsg_v1_three_node_cross_pubsub_matrix/install/rsg_v1_three_node_cross_pubsub_matrix/share/rsg_v1_three_node_cross_pubsub_matrix/config/params.yaml
[8.675s] -- Installing: /home/rushabhm/CAT/Milestone_2/US_822313_pub-sub_data_model_for_ROS2/tool_dev_cycle/reduced_scope/rsg_v1_core/output/rsg_v1_three_node_cross_pubsub_matrix/install/rsg_v1_three_node_cross_pubsub_matrix/share/rsg_v1_three_node_cross_pubsub_matrix/launch
[8.675s] -- Installing: /home/rushabhm/CAT/Milestone_2/US_822313_pub-sub_data_model_for_ROS2/tool_dev_cycle/reduced_scope/rsg_v1_core/output/rsg_v1_three_node_cross_pubsub_matrix/install/rsg_v1_three_node_cross_pubsub_matrix/share/rsg_v1_three_node_cross_pubsub_matrix/launch/bringup.launch.py
[8.676s] -- Installing: /home/rushabhm/CAT/Milestone_2/US_822313_pub-sub_data_model_for_ROS2/tool_dev_cycle/reduced_scope/rsg_v1_core/output/rsg_v1_three_node_cross_pubsub_matrix/install/rsg_v1_three_node_cross_pubsub_matrix/share/ament_index/resource_index/package_run_dependencies/rsg_v1_three_node_cross_pubsub_matrix
[8.677s] -- Installing: /home/rushabhm/CAT/Milestone_2/US_822313_pub-sub_data_model_for_ROS2/tool_dev_cycle/reduced_scope/rsg_v1_core/output/rsg_v1_three_node_cross_pubsub_matrix/install/rsg_v1_three_node_cross_pubsub_matrix/share/ament_index/resource_index/parent_prefix_path/rsg_v1_three_node_cross_pubsub_matrix
[8.679s] -- Installing: /home/rushabhm/CAT/Milestone_2/US_822313_pub-sub_data_model_for_ROS2/tool_dev_cycle/reduced_scope/rsg_v1_core/output/rsg_v1_three_node_cross_pubsub_matrix/install/rsg_v1_three_node_cross_pubsub_matrix/share/rsg_v1_three_node_cross_pubsub_matrix/environment/ament_prefix_path.sh
[8.680s] -- Installing: /home/rushabhm/CAT/Milestone_2/US_822313_pub-sub_data_model_for_ROS2/tool_dev_cycle/reduced_scope/rsg_v1_core/output/rsg_v1_three_node_cross_pubsub_matrix/install/rsg_v1_three_node_cross_pubsub_matrix/share/rsg_v1_three_node_cross_pubsub_matrix/environment/ament_prefix_path.dsv
[8.680s] -- Installing: /home/rushabhm/CAT/Milestone_2/US_822313_pub-sub_data_model_for_ROS2/tool_dev_cycle/reduced_scope/rsg_v1_core/output/rsg_v1_three_node_cross_pubsub_matrix/install/rsg_v1_three_node_cross_pubsub_matrix/share/rsg_v1_three_node_cross_pubsub_matrix/environment/path.sh
[8.681s] -- Installing: /home/rushabhm/CAT/Milestone_2/US_822313_pub-sub_data_model_for_ROS2/tool_dev_cycle/reduced_scope/rsg_v1_core/output/rsg_v1_three_node_cross_pubsub_matrix/install/rsg_v1_three_node_cross_pubsub_matrix/share/rsg_v1_three_node_cross_pubsub_matrix/environment/path.dsv
[8.681s] -- Installing: /home/rushabhm/CAT/Milestone_2/US_822313_pub-sub_data_model_for_ROS2/tool_dev_cycle/reduced_scope/rsg_v1_core/output/rsg_v1_three_node_cross_pubsub_matrix/install/rsg_v1_three_node_cross_pubsub_matrix/share/rsg_v1_three_node_cross_pubsub_matrix/local_setup.bash
[8.682s] -- Installing: /home/rushabhm/CAT/Milestone_2/US_822313_pub-sub_data_model_for_ROS2/tool_dev_cycle/reduced_scope/rsg_v1_core/output/rsg_v1_three_node_cross_pubsub_matrix/install/rsg_v1_three_node_cross_pubsub_matrix/share/rsg_v1_three_node_cross_pubsub_matrix/local_setup.sh
[8.682s] -- Installing: /home/rushabhm/CAT/Milestone_2/US_822313_pub-sub_data_model_for_ROS2/tool_dev_cycle/reduced_scope/rsg_v1_core/output/rsg_v1_three_node_cross_pubsub_matrix/install/rsg_v1_three_node_cross_pubsub_matrix/share/rsg_v1_three_node_cross_pubsub_matrix/local_setup.zsh
[8.683s] -- Installing: /home/rushabhm/CAT/Milestone_2/US_822313_pub-sub_data_model_for_ROS2/tool_dev_cycle/reduced_scope/rsg_v1_core/output/rsg_v1_three_node_cross_pubsub_matrix/install/rsg_v1_three_node_cross_pubsub_matrix/share/rsg_v1_three_node_cross_pubsub_matrix/local_setup.dsv
[8.683s] -- Installing: /home/rushabhm/CAT/Milestone_2/US_822313_pub-sub_data_model_for_ROS2/tool_dev_cycle/reduced_scope/rsg_v1_core/output/rsg_v1_three_node_cross_pubsub_matrix/install/rsg_v1_three_node_cross_pubsub_matrix/share/rsg_v1_three_node_cross_pubsub_matrix/package.dsv
[8.684s] -- Installing: /home/rushabhm/CAT/Milestone_2/US_822313_pub-sub_data_model_for_ROS2/tool_dev_cycle/reduced_scope/rsg_v1_core/output/rsg_v1_three_node_cross_pubsub_matrix/install/rsg_v1_three_node_cross_pubsub_matrix/share/ament_index/resource_index/packages/rsg_v1_three_node_cross_pubsub_matrix
[8.684s] -- Installing: /home/rushabhm/CAT/Milestone_2/US_822313_pub-sub_data_model_for_ROS2/tool_dev_cycle/reduced_scope/rsg_v1_core/output/rsg_v1_three_node_cross_pubsub_matrix/install/rsg_v1_three_node_cross_pubsub_matrix/share/rsg_v1_three_node_cross_pubsub_matrix/cmake/rsg_v1_three_node_cross_pubsub_matrixConfig.cmake
[8.685s] -- Installing: /home/rushabhm/CAT/Milestone_2/US_822313_pub-sub_data_model_for_ROS2/tool_dev_cycle/reduced_scope/rsg_v1_core/output/rsg_v1_three_node_cross_pubsub_matrix/install/rsg_v1_three_node_cross_pubsub_matrix/share/rsg_v1_three_node_cross_pubsub_matrix/cmake/rsg_v1_three_node_cross_pubsub_matrixConfig-version.cmake
[8.685s] -- Installing: /home/rushabhm/CAT/Milestone_2/US_822313_pub-sub_data_model_for_ROS2/tool_dev_cycle/reduced_scope/rsg_v1_core/output/rsg_v1_three_node_cross_pubsub_matrix/install/rsg_v1_three_node_cross_pubsub_matrix/share/rsg_v1_three_node_cross_pubsub_matrix/package.xml
[8.688s] Invoked command in '/home/rushabhm/CAT/Milestone_2/US_822313_pub-sub_data_model_for_ROS2/tool_dev_cycle/reduced_scope/rsg_v1_core/output/rsg_v1_three_node_cross_pubsub_matrix/build/rsg_v1_three_node_cross_pubsub_matrix' returned '0': CMAKE_PREFIX_PATH=${CMAKE_PREFIX_PATH}:/opt/ros/humble /usr/bin/cmake --install /home/rushabhm/CAT/Milestone_2/US_822313_pub-sub_data_model_for_ROS2/tool_dev_cycle/reduced_scope/rsg_v1_core/output/rsg_v1_three_node_cross_pubsub_matrix/build/rsg_v1_three_node_cross_pubsub_matrix
